{
  "query": "mutation AddAntivirusMetadata($input:AddAntivirusMetadataInput!){addAntivirusMetadata(addAntivirusMetadataInput:$input){fileId software softwareVersion databaseVersion result datetime}}",
  "variables": {
    "input": {
      "fileId": "4e0fd35b-8d6f-4498-b081-f7401ce6b99b",
      "software" : "some software",
      "softwareVersion" : "some software version",
      "databaseVersion" : "some database version",
      "result" : "some result",
      "datetime": 1
    }
  }
}